FunctionBreakpoint created at ReadWrite.kt
Run Java
Connected to the target VM
ReadWrite.!EXT!
ReadWrite.!EXT!
resuming ReadWrite.kt:108
Disconnected from the target VM

Process finished with exit code 0
